2026-04-20T16:16:25: C:\LUNCHMEGA\lunch\node_modules\.bin\tsx:2
2026-04-20T16:16:25: basedir=$(dirname "$(echo "$0" | sed -e 's,\\,/,g')")
2026-04-20T16:16:25:           ^^^^^^^
2026-04-20T16:16:25: 
2026-04-20T16:16:25: SyntaxError: missing ) after argument list
2026-04-20T16:16:25:     at wrapSafe (node:internal/modules/cjs/loader:1662:18)
2026-04-20T16:16:25:     at Module._compile (node:internal/modules/cjs/loader:1704:20)
2026-04-20T16:16:25:     at Object..js (node:internal/modules/cjs/loader:1895:10)
2026-04-20T16:16:25:     at Module.load (node:internal/modules/cjs/loader:1465:32)
2026-04-20T16:16:25:     at Function._load (node:internal/modules/cjs/loader:1282:12)
2026-04-20T16:16:25:     at TracingChannel.traceSync (node:diagnostics_channel:322:14)
2026-04-20T16:16:25:     at wrapModuleLoad (node:internal/modules/cjs/loader:235:24)
2026-04-20T16:16:25:     at Function.executeUserEntryPoint [as runMain] (node:internal/modules/run_main:171:5)
2026-04-20T16:16:25:     at node:internal/main/run_main_module:36:49
2026-04-20T16:16:25: 
2026-04-20T16:16:25: Node.js v22.17.0
2026-04-20T16:16:25: C:\LUNCHMEGA\lunch\node_modules\.bin\tsx:2
2026-04-20T16:16:25: basedir=$(dirname "$(echo "$0" | sed -e 's,\\,/,g')")
2026-04-20T16:16:25:           ^^^^^^^
2026-04-20T16:16:25: 
2026-04-20T16:16:25: SyntaxError: missing ) after argument list
2026-04-20T16:16:25:     at wrapSafe (node:internal/modules/cjs/loader:1662:18)
2026-04-20T16:16:25:     at Module._compile (node:internal/modules/cjs/loader:1704:20)
2026-04-20T16:16:25:     at Object..js (node:internal/modules/cjs/loader:1895:10)
2026-04-20T16:16:25:     at Module.load (node:internal/modules/cjs/loader:1465:32)
2026-04-20T16:16:25:     at Function._load (node:internal/modules/cjs/loader:1282:12)
2026-04-20T16:16:25:     at TracingChannel.traceSync (node:diagnostics_channel:322:14)
2026-04-20T16:16:25:     at wrapModuleLoad (node:internal/modules/cjs/loader:235:24)
2026-04-20T16:16:25:     at Function.executeUserEntryPoint [as runMain] (node:internal/modules/run_main:171:5)
2026-04-20T16:16:25:     at node:internal/main/run_main_module:36:49
2026-04-20T16:16:25: 
2026-04-20T16:16:25: Node.js v22.17.0
2026-04-20T16:16:25: C:\LUNCHMEGA\lunch\node_modules\.bin\tsx:2
2026-04-20T16:16:25: basedir=$(dirname "$(echo "$0" | sed -e 's,\\,/,g')")
2026-04-20T16:16:25:           ^^^^^^^
2026-04-20T16:16:25: 
2026-04-20T16:16:25: SyntaxError: missing ) after argument list
2026-04-20T16:16:25:     at wrapSafe (node:internal/modules/cjs/loader:1662:18)
2026-04-20T16:16:25:     at Module._compile (node:internal/modules/cjs/loader:1704:20)
2026-04-20T16:16:25:     at Object..js (node:internal/modules/cjs/loader:1895:10)
2026-04-20T16:16:25:     at Module.load (node:internal/modules/cjs/loader:1465:32)
2026-04-20T16:16:25:     at Function._load (node:internal/modules/cjs/loader:1282:12)
2026-04-20T16:16:25:     at TracingChannel.traceSync (node:diagnostics_channel:322:14)
2026-04-20T16:16:25:     at wrapModuleLoad (node:internal/modules/cjs/loader:235:24)
2026-04-20T16:16:25:     at Function.executeUserEntryPoint [as runMain] (node:internal/modules/run_main:171:5)
2026-04-20T16:16:25:     at node:internal/main/run_main_module:36:49
2026-04-20T16:16:25: 
2026-04-20T16:16:25: Node.js v22.17.0
2026-04-20T16:16:25: C:\LUNCHMEGA\lunch\node_modules\.bin\tsx:2
2026-04-20T16:16:25: basedir=$(dirname "$(echo "$0" | sed -e 's,\\,/,g')")
2026-04-20T16:16:25:           ^^^^^^^
2026-04-20T16:16:25: 
2026-04-20T16:16:25: SyntaxError: missing ) after argument list
2026-04-20T16:16:25:     at wrapSafe (node:internal/modules/cjs/loader:1662:18)
2026-04-20T16:16:25:     at Module._compile (node:internal/modules/cjs/loader:1704:20)
2026-04-20T16:16:25:     at Object..js (node:internal/modules/cjs/loader:1895:10)
2026-04-20T16:16:25:     at Module.load (node:internal/modules/cjs/loader:1465:32)
2026-04-20T16:16:25:     at Function._load (node:internal/modules/cjs/loader:1282:12)
2026-04-20T16:16:25:     at TracingChannel.traceSync (node:diagnostics_channel:322:14)
2026-04-20T16:16:25:     at wrapModuleLoad (node:internal/modules/cjs/loader:235:24)
2026-04-20T16:16:25:     at Function.executeUserEntryPoint [as runMain] (node:internal/modules/run_main:171:5)
2026-04-20T16:16:25:     at node:internal/main/run_main_module:36:49
2026-04-20T16:16:25: 
2026-04-20T16:16:25: Node.js v22.17.0
2026-04-20T16:16:25: C:\LUNCHMEGA\lunch\node_modules\.bin\tsx:2
2026-04-20T16:16:25: basedir=$(dirname "$(echo "$0" | sed -e 's,\\,/,g')")
2026-04-20T16:16:25:           ^^^^^^^
2026-04-20T16:16:25: 
2026-04-20T16:16:25: SyntaxError: missing ) after argument list
2026-04-20T16:16:25:     at wrapSafe (node:internal/modules/cjs/loader:1662:18)
2026-04-20T16:16:25:     at Module._compile (node:internal/modules/cjs/loader:1704:20)
2026-04-20T16:16:25:     at Object..js (node:internal/modules/cjs/loader:1895:10)
2026-04-20T16:16:25:     at Module.load (node:internal/modules/cjs/loader:1465:32)
2026-04-20T16:16:25:     at Function._load (node:internal/modules/cjs/loader:1282:12)
2026-04-20T16:16:25:     at TracingChannel.traceSync (node:diagnostics_channel:322:14)
2026-04-20T16:16:25:     at wrapModuleLoad (node:internal/modules/cjs/loader:235:24)
2026-04-20T16:16:25:     at Function.executeUserEntryPoint [as runMain] (node:internal/modules/run_main:171:5)
2026-04-20T16:16:25:     at node:internal/main/run_main_module:36:49
2026-04-20T16:16:25: 
2026-04-20T16:16:25: Node.js v22.17.0
2026-04-20T16:16:25: C:\LUNCHMEGA\lunch\node_modules\.bin\tsx:2
2026-04-20T16:16:25: basedir=$(dirname "$(echo "$0" | sed -e 's,\\,/,g')")
2026-04-20T16:16:25:           ^^^^^^^
2026-04-20T16:16:25: 
2026-04-20T16:16:25: SyntaxError: missing ) after argument list
2026-04-20T16:16:25:     at wrapSafe (node:internal/modules/cjs/loader:1662:18)
2026-04-20T16:16:25:     at Module._compile (node:internal/modules/cjs/loader:1704:20)
2026-04-20T16:16:25:     at Object..js (node:internal/modules/cjs/loader:1895:10)
2026-04-20T16:16:25:     at Module.load (node:internal/modules/cjs/loader:1465:32)
2026-04-20T16:16:25:     at Function._load (node:internal/modules/cjs/loader:1282:12)
2026-04-20T16:16:25:     at TracingChannel.traceSync (node:diagnostics_channel:322:14)
2026-04-20T16:16:25:     at wrapModuleLoad (node:internal/modules/cjs/loader:235:24)
2026-04-20T16:16:25:     at Function.executeUserEntryPoint [as runMain] (node:internal/modules/run_main:171:5)
2026-04-20T16:16:25:     at node:internal/main/run_main_module:36:49
2026-04-20T16:16:25: 
2026-04-20T16:16:25: Node.js v22.17.0
2026-04-20T16:16:25: C:\LUNCHMEGA\lunch\node_modules\.bin\tsx:2
2026-04-20T16:16:25: basedir=$(dirname "$(echo "$0" | sed -e 's,\\,/,g')")
2026-04-20T16:16:25:           ^^^^^^^
2026-04-20T16:16:25: 
2026-04-20T16:16:25: SyntaxError: missing ) after argument list
2026-04-20T16:16:25:     at wrapSafe (node:internal/modules/cjs/loader:1662:18)
2026-04-20T16:16:25:     at Module._compile (node:internal/modules/cjs/loader:1704:20)
2026-04-20T16:16:25:     at Object..js (node:internal/modules/cjs/loader:1895:10)
2026-04-20T16:16:25:     at Module.load (node:internal/modules/cjs/loader:1465:32)
2026-04-20T16:16:25:     at Function._load (node:internal/modules/cjs/loader:1282:12)
2026-04-20T16:16:25:     at TracingChannel.traceSync (node:diagnostics_channel:322:14)
2026-04-20T16:16:25:     at wrapModuleLoad (node:internal/modules/cjs/loader:235:24)
2026-04-20T16:16:25:     at Function.executeUserEntryPoint [as runMain] (node:internal/modules/run_main:171:5)
2026-04-20T16:16:25:     at node:internal/main/run_main_module:36:49
2026-04-20T16:16:25: 
2026-04-20T16:16:25: Node.js v22.17.0
2026-04-20T16:16:25: C:\LUNCHMEGA\lunch\node_modules\.bin\tsx:2
2026-04-20T16:16:25: basedir=$(dirname "$(echo "$0" | sed -e 's,\\,/,g')")
2026-04-20T16:16:25:           ^^^^^^^
2026-04-20T16:16:25: 
2026-04-20T16:16:25: SyntaxError: missing ) after argument list
2026-04-20T16:16:25:     at wrapSafe (node:internal/modules/cjs/loader:1662:18)
2026-04-20T16:16:25:     at Module._compile (node:internal/modules/cjs/loader:1704:20)
2026-04-20T16:16:25:     at Object..js (node:internal/modules/cjs/loader:1895:10)
2026-04-20T16:16:25:     at Module.load (node:internal/modules/cjs/loader:1465:32)
2026-04-20T16:16:25:     at Function._load (node:internal/modules/cjs/loader:1282:12)
2026-04-20T16:16:25:     at TracingChannel.traceSync (node:diagnostics_channel:322:14)
2026-04-20T16:16:25:     at wrapModuleLoad (node:internal/modules/cjs/loader:235:24)
2026-04-20T16:16:25:     at Function.executeUserEntryPoint [as runMain] (node:internal/modules/run_main:171:5)
2026-04-20T16:16:25:     at node:internal/main/run_main_module:36:49
2026-04-20T16:16:25: 
2026-04-20T16:16:25: Node.js v22.17.0
2026-04-20T16:16:25: C:\LUNCHMEGA\lunch\node_modules\.bin\tsx:2
2026-04-20T16:16:25: basedir=$(dirname "$(echo "$0" | sed -e 's,\\,/,g')")
2026-04-20T16:16:25:           ^^^^^^^
2026-04-20T16:16:25: 
2026-04-20T16:16:25: SyntaxError: missing ) after argument list
2026-04-20T16:16:25:     at wrapSafe (node:internal/modules/cjs/loader:1662:18)
2026-04-20T16:16:25:     at Module._compile (node:internal/modules/cjs/loader:1704:20)
2026-04-20T16:16:25:     at Object..js (node:internal/modules/cjs/loader:1895:10)
2026-04-20T16:16:25:     at Module.load (node:internal/modules/cjs/loader:1465:32)
2026-04-20T16:16:25:     at Function._load (node:internal/modules/cjs/loader:1282:12)
2026-04-20T16:16:25:     at TracingChannel.traceSync (node:diagnostics_channel:322:14)
2026-04-20T16:16:25:     at wrapModuleLoad (node:internal/modules/cjs/loader:235:24)
2026-04-20T16:16:25:     at Function.executeUserEntryPoint [as runMain] (node:internal/modules/run_main:171:5)
2026-04-20T16:16:25:     at node:internal/main/run_main_module:36:49
2026-04-20T16:16:25: 
2026-04-20T16:16:25: Node.js v22.17.0
2026-04-20T16:16:25: C:\LUNCHMEGA\lunch\node_modules\.bin\tsx:2
2026-04-20T16:16:25: basedir=$(dirname "$(echo "$0" | sed -e 's,\\,/,g')")
2026-04-20T16:16:25:           ^^^^^^^
2026-04-20T16:16:25: 
2026-04-20T16:16:25: SyntaxError: missing ) after argument list
2026-04-20T16:16:25:     at wrapSafe (node:internal/modules/cjs/loader:1662:18)
2026-04-20T16:16:25:     at Module._compile (node:internal/modules/cjs/loader:1704:20)
2026-04-20T16:16:25:     at Object..js (node:internal/modules/cjs/loader:1895:10)
2026-04-20T16:16:25:     at Module.load (node:internal/modules/cjs/loader:1465:32)
2026-04-20T16:16:25:     at Function._load (node:internal/modules/cjs/loader:1282:12)
2026-04-20T16:16:25:     at TracingChannel.traceSync (node:diagnostics_channel:322:14)
2026-04-20T16:16:25:     at wrapModuleLoad (node:internal/modules/cjs/loader:235:24)
2026-04-20T16:16:25:     at Function.executeUserEntryPoint [as runMain] (node:internal/modules/run_main:171:5)
2026-04-20T16:16:25:     at node:internal/main/run_main_module:36:49
2026-04-20T16:16:25: 
2026-04-20T16:16:25: Node.js v22.17.0
2026-04-20T16:16:25: C:\LUNCHMEGA\lunch\node_modules\.bin\tsx:2
2026-04-20T16:16:25: basedir=$(dirname "$(echo "$0" | sed -e 's,\\,/,g')")
2026-04-20T16:16:25:           ^^^^^^^
2026-04-20T16:16:25: 
2026-04-20T16:16:25: SyntaxError: missing ) after argument list
2026-04-20T16:16:25:     at wrapSafe (node:internal/modules/cjs/loader:1662:18)
2026-04-20T16:16:25:     at Module._compile (node:internal/modules/cjs/loader:1704:20)
2026-04-20T16:16:25:     at Object..js (node:internal/modules/cjs/loader:1895:10)
2026-04-20T16:16:25:     at Module.load (node:internal/modules/cjs/loader:1465:32)
2026-04-20T16:16:25:     at Function._load (node:internal/modules/cjs/loader:1282:12)
2026-04-20T16:16:25:     at TracingChannel.traceSync (node:diagnostics_channel:322:14)
2026-04-20T16:16:25:     at wrapModuleLoad (node:internal/modules/cjs/loader:235:24)
2026-04-20T16:16:25:     at Function.executeUserEntryPoint [as runMain] (node:internal/modules/run_main:171:5)
2026-04-20T16:16:25:     at node:internal/main/run_main_module:36:49
2026-04-20T16:16:25: 
2026-04-20T16:16:25: Node.js v22.17.0
2026-04-20T16:16:25: C:\LUNCHMEGA\lunch\node_modules\.bin\tsx:2
2026-04-20T16:16:25: basedir=$(dirname "$(echo "$0" | sed -e 's,\\,/,g')")
2026-04-20T16:16:25:           ^^^^^^^
2026-04-20T16:16:25: 
2026-04-20T16:16:25: SyntaxError: missing ) after argument list
2026-04-20T16:16:25:     at wrapSafe (node:internal/modules/cjs/loader:1662:18)
2026-04-20T16:16:25:     at Module._compile (node:internal/modules/cjs/loader:1704:20)
2026-04-20T16:16:25:     at Object..js (node:internal/modules/cjs/loader:1895:10)
2026-04-20T16:16:25:     at Module.load (node:internal/modules/cjs/loader:1465:32)
2026-04-20T16:16:25:     at Function._load (node:internal/modules/cjs/loader:1282:12)
2026-04-20T16:16:25:     at TracingChannel.traceSync (node:diagnostics_channel:322:14)
2026-04-20T16:16:25:     at wrapModuleLoad (node:internal/modules/cjs/loader:235:24)
2026-04-20T16:16:25:     at Function.executeUserEntryPoint [as runMain] (node:internal/modules/run_main:171:5)
2026-04-20T16:16:25:     at node:internal/main/run_main_module:36:49
2026-04-20T16:16:25: 
2026-04-20T16:16:25: Node.js v22.17.0
2026-04-20T16:16:26: C:\LUNCHMEGA\lunch\node_modules\.bin\tsx:2
2026-04-20T16:16:26: basedir=$(dirname "$(echo "$0" | sed -e 's,\\,/,g')")
2026-04-20T16:16:26:           ^^^^^^^
2026-04-20T16:16:26: 
2026-04-20T16:16:26: SyntaxError: missing ) after argument list
2026-04-20T16:16:26:     at wrapSafe (node:internal/modules/cjs/loader:1662:18)
2026-04-20T16:16:26:     at Module._compile (node:internal/modules/cjs/loader:1704:20)
2026-04-20T16:16:26:     at Object..js (node:internal/modules/cjs/loader:1895:10)
2026-04-20T16:16:26:     at Module.load (node:internal/modules/cjs/loader:1465:32)
2026-04-20T16:16:26:     at Function._load (node:internal/modules/cjs/loader:1282:12)
2026-04-20T16:16:26:     at TracingChannel.traceSync (node:diagnostics_channel:322:14)
2026-04-20T16:16:26:     at wrapModuleLoad (node:internal/modules/cjs/loader:235:24)
2026-04-20T16:16:26:     at Function.executeUserEntryPoint [as runMain] (node:internal/modules/run_main:171:5)
2026-04-20T16:16:26:     at node:internal/main/run_main_module:36:49
2026-04-20T16:16:26: 
2026-04-20T16:16:26: Node.js v22.17.0
2026-04-20T16:16:26: C:\LUNCHMEGA\lunch\node_modules\.bin\tsx:2
2026-04-20T16:16:26: basedir=$(dirname "$(echo "$0" | sed -e 's,\\,/,g')")
2026-04-20T16:16:26:           ^^^^^^^
2026-04-20T16:16:26: 
2026-04-20T16:16:26: SyntaxError: missing ) after argument list
2026-04-20T16:16:26:     at wrapSafe (node:internal/modules/cjs/loader:1662:18)
2026-04-20T16:16:26:     at Module._compile (node:internal/modules/cjs/loader:1704:20)
2026-04-20T16:16:26:     at Object..js (node:internal/modules/cjs/loader:1895:10)
2026-04-20T16:16:26:     at Module.load (node:internal/modules/cjs/loader:1465:32)
2026-04-20T16:16:26:     at Function._load (node:internal/modules/cjs/loader:1282:12)
2026-04-20T16:16:26:     at TracingChannel.traceSync (node:diagnostics_channel:322:14)
2026-04-20T16:16:26:     at wrapModuleLoad (node:internal/modules/cjs/loader:235:24)
2026-04-20T16:16:26:     at Function.executeUserEntryPoint [as runMain] (node:internal/modules/run_main:171:5)
2026-04-20T16:16:26:     at node:internal/main/run_main_module:36:49
2026-04-20T16:16:26: 
2026-04-20T16:16:26: Node.js v22.17.0
2026-04-20T16:16:26: C:\LUNCHMEGA\lunch\node_modules\.bin\tsx:2
2026-04-20T16:16:26: basedir=$(dirname "$(echo "$0" | sed -e 's,\\,/,g')")
2026-04-20T16:16:26:           ^^^^^^^
2026-04-20T16:16:26: 
2026-04-20T16:16:26: SyntaxError: missing ) after argument list
2026-04-20T16:16:26:     at wrapSafe (node:internal/modules/cjs/loader:1662:18)
2026-04-20T16:16:26:     at Module._compile (node:internal/modules/cjs/loader:1704:20)
2026-04-20T16:16:26:     at Object..js (node:internal/modules/cjs/loader:1895:10)
2026-04-20T16:16:26:     at Module.load (node:internal/modules/cjs/loader:1465:32)
2026-04-20T16:16:26:     at Function._load (node:internal/modules/cjs/loader:1282:12)
2026-04-20T16:16:26:     at TracingChannel.traceSync (node:diagnostics_channel:322:14)
2026-04-20T16:16:26:     at wrapModuleLoad (node:internal/modules/cjs/loader:235:24)
2026-04-20T16:16:26:     at Function.executeUserEntryPoint [as runMain] (node:internal/modules/run_main:171:5)
2026-04-20T16:16:26:     at node:internal/main/run_main_module:36:49
2026-04-20T16:16:26: 
2026-04-20T16:16:26: Node.js v22.17.0
2026-04-20T16:16:26: C:\LUNCHMEGA\lunch\node_modules\.bin\tsx:2
2026-04-20T16:16:26: basedir=$(dirname "$(echo "$0" | sed -e 's,\\,/,g')")
2026-04-20T16:16:26:           ^^^^^^^
2026-04-20T16:16:26: 
2026-04-20T16:16:26: SyntaxError: missing ) after argument list
2026-04-20T16:16:26:     at wrapSafe (node:internal/modules/cjs/loader:1662:18)
2026-04-20T16:16:26:     at Module._compile (node:internal/modules/cjs/loader:1704:20)
2026-04-20T16:16:26:     at Object..js (node:internal/modules/cjs/loader:1895:10)
2026-04-20T16:16:26:     at Module.load (node:internal/modules/cjs/loader:1465:32)
2026-04-20T16:16:26:     at Function._load (node:internal/modules/cjs/loader:1282:12)
2026-04-20T16:16:26:     at TracingChannel.traceSync (node:diagnostics_channel:322:14)
2026-04-20T16:16:26:     at wrapModuleLoad (node:internal/modules/cjs/loader:235:24)
2026-04-20T16:16:26:     at Function.executeUserEntryPoint [as runMain] (node:internal/modules/run_main:171:5)
2026-04-20T16:16:26:     at node:internal/main/run_main_module:36:49
2026-04-20T16:16:26: 
2026-04-20T16:16:26: Node.js v22.17.0
2026-04-20T16:19:05: C:\LUNCHMEGA\lunch\node_modules\.bin\tsx:2
2026-04-20T16:19:05: basedir=$(dirname "$(echo "$0" | sed -e 's,\\,/,g')")
2026-04-20T16:19:05:           ^^^^^^^
2026-04-20T16:19:05: 
2026-04-20T16:19:05: SyntaxError: missing ) after argument list
2026-04-20T16:19:05:     at wrapSafe (node:internal/modules/cjs/loader:1662:18)
2026-04-20T16:19:05:     at Module._compile (node:internal/modules/cjs/loader:1704:20)
2026-04-20T16:19:05:     at Object..js (node:internal/modules/cjs/loader:1895:10)
2026-04-20T16:19:05:     at Module.load (node:internal/modules/cjs/loader:1465:32)
2026-04-20T16:19:05:     at Function._load (node:internal/modules/cjs/loader:1282:12)
2026-04-20T16:19:05:     at TracingChannel.traceSync (node:diagnostics_channel:322:14)
2026-04-20T16:19:05:     at wrapModuleLoad (node:internal/modules/cjs/loader:235:24)
2026-04-20T16:19:05:     at Function.executeUserEntryPoint [as runMain] (node:internal/modules/run_main:171:5)
2026-04-20T16:19:05:     at node:internal/main/run_main_module:36:49
2026-04-20T16:19:05: 
2026-04-20T16:19:05: Node.js v22.17.0
2026-04-20T16:19:05: C:\LUNCHMEGA\lunch\node_modules\.bin\tsx:2
2026-04-20T16:19:05: basedir=$(dirname "$(echo "$0" | sed -e 's,\\,/,g')")
2026-04-20T16:19:05:           ^^^^^^^
2026-04-20T16:19:05: 
2026-04-20T16:19:05: SyntaxError: missing ) after argument list
2026-04-20T16:19:05:     at wrapSafe (node:internal/modules/cjs/loader:1662:18)
2026-04-20T16:19:05:     at Module._compile (node:internal/modules/cjs/loader:1704:20)
2026-04-20T16:19:05:     at Object..js (node:internal/modules/cjs/loader:1895:10)
2026-04-20T16:19:05:     at Module.load (node:internal/modules/cjs/loader:1465:32)
2026-04-20T16:19:05:     at Function._load (node:internal/modules/cjs/loader:1282:12)
2026-04-20T16:19:05:     at TracingChannel.traceSync (node:diagnostics_channel:322:14)
2026-04-20T16:19:05:     at wrapModuleLoad (node:internal/modules/cjs/loader:235:24)
2026-04-20T16:19:05:     at Function.executeUserEntryPoint [as runMain] (node:internal/modules/run_main:171:5)
2026-04-20T16:19:05:     at node:internal/main/run_main_module:36:49
2026-04-20T16:19:05: 
2026-04-20T16:19:05: Node.js v22.17.0
2026-04-20T16:19:05: C:\LUNCHMEGA\lunch\node_modules\.bin\tsx:2
2026-04-20T16:19:05: basedir=$(dirname "$(echo "$0" | sed -e 's,\\,/,g')")
2026-04-20T16:19:05:           ^^^^^^^
2026-04-20T16:19:05: 
2026-04-20T16:19:05: SyntaxError: missing ) after argument list
2026-04-20T16:19:05:     at wrapSafe (node:internal/modules/cjs/loader:1662:18)
2026-04-20T16:19:05:     at Module._compile (node:internal/modules/cjs/loader:1704:20)
2026-04-20T16:19:05:     at Object..js (node:internal/modules/cjs/loader:1895:10)
2026-04-20T16:19:05:     at Module.load (node:internal/modules/cjs/loader:1465:32)
2026-04-20T16:19:05:     at Function._load (node:internal/modules/cjs/loader:1282:12)
2026-04-20T16:19:05:     at TracingChannel.traceSync (node:diagnostics_channel:322:14)
2026-04-20T16:19:05:     at wrapModuleLoad (node:internal/modules/cjs/loader:235:24)
2026-04-20T16:19:05:     at Function.executeUserEntryPoint [as runMain] (node:internal/modules/run_main:171:5)
2026-04-20T16:19:05:     at node:internal/main/run_main_module:36:49
2026-04-20T16:19:05: 
2026-04-20T16:19:05: Node.js v22.17.0
2026-04-20T16:19:05: C:\LUNCHMEGA\lunch\node_modules\.bin\tsx:2
2026-04-20T16:19:05: basedir=$(dirname "$(echo "$0" | sed -e 's,\\,/,g')")
2026-04-20T16:19:05:           ^^^^^^^
2026-04-20T16:19:05: 
2026-04-20T16:19:05: SyntaxError: missing ) after argument list
2026-04-20T16:19:05:     at wrapSafe (node:internal/modules/cjs/loader:1662:18)
2026-04-20T16:19:05:     at Module._compile (node:internal/modules/cjs/loader:1704:20)
2026-04-20T16:19:05:     at Object..js (node:internal/modules/cjs/loader:1895:10)
2026-04-20T16:19:05:     at Module.load (node:internal/modules/cjs/loader:1465:32)
2026-04-20T16:19:05:     at Function._load (node:internal/modules/cjs/loader:1282:12)
2026-04-20T16:19:05:     at TracingChannel.traceSync (node:diagnostics_channel:322:14)
2026-04-20T16:19:05:     at wrapModuleLoad (node:internal/modules/cjs/loader:235:24)
2026-04-20T16:19:05:     at Function.executeUserEntryPoint [as runMain] (node:internal/modules/run_main:171:5)
2026-04-20T16:19:05:     at node:internal/main/run_main_module:36:49
2026-04-20T16:19:05: 
2026-04-20T16:19:05: Node.js v22.17.0
2026-04-20T16:19:05: C:\LUNCHMEGA\lunch\node_modules\.bin\tsx:2
2026-04-20T16:19:05: basedir=$(dirname "$(echo "$0" | sed -e 's,\\,/,g')")
2026-04-20T16:19:05:           ^^^^^^^
2026-04-20T16:19:05: 
2026-04-20T16:19:05: SyntaxError: missing ) after argument list
2026-04-20T16:19:05:     at wrapSafe (node:internal/modules/cjs/loader:1662:18)
2026-04-20T16:19:05:     at Module._compile (node:internal/modules/cjs/loader:1704:20)
2026-04-20T16:19:05:     at Object..js (node:internal/modules/cjs/loader:1895:10)
2026-04-20T16:19:05:     at Module.load (node:internal/modules/cjs/loader:1465:32)
2026-04-20T16:19:05:     at Function._load (node:internal/modules/cjs/loader:1282:12)
2026-04-20T16:19:05:     at TracingChannel.traceSync (node:diagnostics_channel:322:14)
2026-04-20T16:19:05:     at wrapModuleLoad (node:internal/modules/cjs/loader:235:24)
2026-04-20T16:19:05:     at Function.executeUserEntryPoint [as runMain] (node:internal/modules/run_main:171:5)
2026-04-20T16:19:05:     at node:internal/main/run_main_module:36:49
2026-04-20T16:19:05: 
2026-04-20T16:19:05: Node.js v22.17.0
2026-04-20T16:19:05: C:\LUNCHMEGA\lunch\node_modules\.bin\tsx:2
2026-04-20T16:19:05: basedir=$(dirname "$(echo "$0" | sed -e 's,\\,/,g')")
2026-04-20T16:19:05:           ^^^^^^^
2026-04-20T16:19:05: 
2026-04-20T16:19:05: SyntaxError: missing ) after argument list
2026-04-20T16:19:05:     at wrapSafe (node:internal/modules/cjs/loader:1662:18)
2026-04-20T16:19:05:     at Module._compile (node:internal/modules/cjs/loader:1704:20)
2026-04-20T16:19:05:     at Object..js (node:internal/modules/cjs/loader:1895:10)
2026-04-20T16:19:05:     at Module.load (node:internal/modules/cjs/loader:1465:32)
2026-04-20T16:19:05:     at Function._load (node:internal/modules/cjs/loader:1282:12)
2026-04-20T16:19:05:     at TracingChannel.traceSync (node:diagnostics_channel:322:14)
2026-04-20T16:19:05:     at wrapModuleLoad (node:internal/modules/cjs/loader:235:24)
2026-04-20T16:19:05:     at Function.executeUserEntryPoint [as runMain] (node:internal/modules/run_main:171:5)
2026-04-20T16:19:05:     at node:internal/main/run_main_module:36:49
2026-04-20T16:19:05: 
2026-04-20T16:19:05: Node.js v22.17.0
2026-04-20T16:19:05: C:\LUNCHMEGA\lunch\node_modules\.bin\tsx:2
2026-04-20T16:19:05: basedir=$(dirname "$(echo "$0" | sed -e 's,\\,/,g')")
2026-04-20T16:19:05:           ^^^^^^^
2026-04-20T16:19:05: 
2026-04-20T16:19:05: SyntaxError: missing ) after argument list
2026-04-20T16:19:05:     at wrapSafe (node:internal/modules/cjs/loader:1662:18)
2026-04-20T16:19:05:     at Module._compile (node:internal/modules/cjs/loader:1704:20)
2026-04-20T16:19:05:     at Object..js (node:internal/modules/cjs/loader:1895:10)
2026-04-20T16:19:05:     at Module.load (node:internal/modules/cjs/loader:1465:32)
2026-04-20T16:19:05:     at Function._load (node:internal/modules/cjs/loader:1282:12)
2026-04-20T16:19:05:     at TracingChannel.traceSync (node:diagnostics_channel:322:14)
2026-04-20T16:19:05:     at wrapModuleLoad (node:internal/modules/cjs/loader:235:24)
2026-04-20T16:19:05:     at Function.executeUserEntryPoint [as runMain] (node:internal/modules/run_main:171:5)
2026-04-20T16:19:05:     at node:internal/main/run_main_module:36:49
2026-04-20T16:19:05: 
2026-04-20T16:19:05: Node.js v22.17.0
2026-04-20T16:19:05: C:\LUNCHMEGA\lunch\node_modules\.bin\tsx:2
2026-04-20T16:19:05: basedir=$(dirname "$(echo "$0" | sed -e 's,\\,/,g')")
2026-04-20T16:19:05:           ^^^^^^^
2026-04-20T16:19:05: 
2026-04-20T16:19:05: SyntaxError: missing ) after argument list
2026-04-20T16:19:05:     at wrapSafe (node:internal/modules/cjs/loader:1662:18)
2026-04-20T16:19:05:     at Module._compile (node:internal/modules/cjs/loader:1704:20)
2026-04-20T16:19:05:     at Object..js (node:internal/modules/cjs/loader:1895:10)
2026-04-20T16:19:05:     at Module.load (node:internal/modules/cjs/loader:1465:32)
2026-04-20T16:19:05:     at Function._load (node:internal/modules/cjs/loader:1282:12)
2026-04-20T16:19:05:     at TracingChannel.traceSync (node:diagnostics_channel:322:14)
2026-04-20T16:19:05:     at wrapModuleLoad (node:internal/modules/cjs/loader:235:24)
2026-04-20T16:19:05:     at Function.executeUserEntryPoint [as runMain] (node:internal/modules/run_main:171:5)
2026-04-20T16:19:05:     at node:internal/main/run_main_module:36:49
2026-04-20T16:19:05: 
2026-04-20T16:19:05: Node.js v22.17.0
2026-04-20T16:19:05: C:\LUNCHMEGA\lunch\node_modules\.bin\tsx:2
2026-04-20T16:19:05: basedir=$(dirname "$(echo "$0" | sed -e 's,\\,/,g')")
2026-04-20T16:19:05:           ^^^^^^^
2026-04-20T16:19:05: 
2026-04-20T16:19:05: SyntaxError: missing ) after argument list
2026-04-20T16:19:05:     at wrapSafe (node:internal/modules/cjs/loader:1662:18)
2026-04-20T16:19:05:     at Module._compile (node:internal/modules/cjs/loader:1704:20)
2026-04-20T16:19:05:     at Object..js (node:internal/modules/cjs/loader:1895:10)
2026-04-20T16:19:05:     at Module.load (node:internal/modules/cjs/loader:1465:32)
2026-04-20T16:19:05:     at Function._load (node:internal/modules/cjs/loader:1282:12)
2026-04-20T16:19:05:     at TracingChannel.traceSync (node:diagnostics_channel:322:14)
2026-04-20T16:19:05:     at wrapModuleLoad (node:internal/modules/cjs/loader:235:24)
2026-04-20T16:19:05:     at Function.executeUserEntryPoint [as runMain] (node:internal/modules/run_main:171:5)
2026-04-20T16:19:05:     at node:internal/main/run_main_module:36:49
2026-04-20T16:19:05: 
2026-04-20T16:19:05: Node.js v22.17.0
2026-04-20T16:19:05: C:\LUNCHMEGA\lunch\node_modules\.bin\tsx:2
2026-04-20T16:19:05: basedir=$(dirname "$(echo "$0" | sed -e 's,\\,/,g')")
2026-04-20T16:19:05:           ^^^^^^^
2026-04-20T16:19:05: 
2026-04-20T16:19:05: SyntaxError: missing ) after argument list
2026-04-20T16:19:05:     at wrapSafe (node:internal/modules/cjs/loader:1662:18)
2026-04-20T16:19:05:     at Module._compile (node:internal/modules/cjs/loader:1704:20)
2026-04-20T16:19:05:     at Object..js (node:internal/modules/cjs/loader:1895:10)
2026-04-20T16:19:05:     at Module.load (node:internal/modules/cjs/loader:1465:32)
2026-04-20T16:19:05:     at Function._load (node:internal/modules/cjs/loader:1282:12)
2026-04-20T16:19:05:     at TracingChannel.traceSync (node:diagnostics_channel:322:14)
2026-04-20T16:19:05:     at wrapModuleLoad (node:internal/modules/cjs/loader:235:24)
2026-04-20T16:19:05:     at Function.executeUserEntryPoint [as runMain] (node:internal/modules/run_main:171:5)
2026-04-20T16:19:05:     at node:internal/main/run_main_module:36:49
2026-04-20T16:19:05: 
2026-04-20T16:19:05: Node.js v22.17.0
2026-04-20T16:19:05: C:\LUNCHMEGA\lunch\node_modules\.bin\tsx:2
2026-04-20T16:19:05: basedir=$(dirname "$(echo "$0" | sed -e 's,\\,/,g')")
2026-04-20T16:19:05:           ^^^^^^^
2026-04-20T16:19:05: 
2026-04-20T16:19:05: SyntaxError: missing ) after argument list
2026-04-20T16:19:05:     at wrapSafe (node:internal/modules/cjs/loader:1662:18)
2026-04-20T16:19:05:     at Module._compile (node:internal/modules/cjs/loader:1704:20)
2026-04-20T16:19:05:     at Object..js (node:internal/modules/cjs/loader:1895:10)
2026-04-20T16:19:05:     at Module.load (node:internal/modules/cjs/loader:1465:32)
2026-04-20T16:19:05:     at Function._load (node:internal/modules/cjs/loader:1282:12)
2026-04-20T16:19:05:     at TracingChannel.traceSync (node:diagnostics_channel:322:14)
2026-04-20T16:19:05:     at wrapModuleLoad (node:internal/modules/cjs/loader:235:24)
2026-04-20T16:19:05:     at Function.executeUserEntryPoint [as runMain] (node:internal/modules/run_main:171:5)
2026-04-20T16:19:05:     at node:internal/main/run_main_module:36:49
2026-04-20T16:19:05: 
2026-04-20T16:19:05: Node.js v22.17.0
2026-04-20T16:19:05: C:\LUNCHMEGA\lunch\node_modules\.bin\tsx:2
2026-04-20T16:19:05: basedir=$(dirname "$(echo "$0" | sed -e 's,\\,/,g')")
2026-04-20T16:19:05:           ^^^^^^^
2026-04-20T16:19:05: 
2026-04-20T16:19:05: SyntaxError: missing ) after argument list
2026-04-20T16:19:05:     at wrapSafe (node:internal/modules/cjs/loader:1662:18)
2026-04-20T16:19:05:     at Module._compile (node:internal/modules/cjs/loader:1704:20)
2026-04-20T16:19:05:     at Object..js (node:internal/modules/cjs/loader:1895:10)
2026-04-20T16:19:05:     at Module.load (node:internal/modules/cjs/loader:1465:32)
2026-04-20T16:19:05:     at Function._load (node:internal/modules/cjs/loader:1282:12)
2026-04-20T16:19:05:     at TracingChannel.traceSync (node:diagnostics_channel:322:14)
2026-04-20T16:19:05:     at wrapModuleLoad (node:internal/modules/cjs/loader:235:24)
2026-04-20T16:19:05:     at Function.executeUserEntryPoint [as runMain] (node:internal/modules/run_main:171:5)
2026-04-20T16:19:05:     at node:internal/main/run_main_module:36:49
2026-04-20T16:19:05: 
2026-04-20T16:19:05: Node.js v22.17.0
2026-04-20T16:19:05: C:\LUNCHMEGA\lunch\node_modules\.bin\tsx:2
2026-04-20T16:19:05: basedir=$(dirname "$(echo "$0" | sed -e 's,\\,/,g')")
2026-04-20T16:19:05:           ^^^^^^^
2026-04-20T16:19:05: 
2026-04-20T16:19:05: SyntaxError: missing ) after argument list
2026-04-20T16:19:05:     at wrapSafe (node:internal/modules/cjs/loader:1662:18)
2026-04-20T16:19:05:     at Module._compile (node:internal/modules/cjs/loader:1704:20)
2026-04-20T16:19:05:     at Object..js (node:internal/modules/cjs/loader:1895:10)
2026-04-20T16:19:05:     at Module.load (node:internal/modules/cjs/loader:1465:32)
2026-04-20T16:19:05:     at Function._load (node:internal/modules/cjs/loader:1282:12)
2026-04-20T16:19:05:     at TracingChannel.traceSync (node:diagnostics_channel:322:14)
2026-04-20T16:19:05:     at wrapModuleLoad (node:internal/modules/cjs/loader:235:24)
2026-04-20T16:19:05:     at Function.executeUserEntryPoint [as runMain] (node:internal/modules/run_main:171:5)
2026-04-20T16:19:05:     at node:internal/main/run_main_module:36:49
2026-04-20T16:19:05: 
2026-04-20T16:19:05: Node.js v22.17.0
2026-04-20T16:19:05: C:\LUNCHMEGA\lunch\node_modules\.bin\tsx:2
2026-04-20T16:19:05: basedir=$(dirname "$(echo "$0" | sed -e 's,\\,/,g')")
2026-04-20T16:19:05:           ^^^^^^^
2026-04-20T16:19:05: 
2026-04-20T16:19:05: SyntaxError: missing ) after argument list
2026-04-20T16:19:05:     at wrapSafe (node:internal/modules/cjs/loader:1662:18)
2026-04-20T16:19:05:     at Module._compile (node:internal/modules/cjs/loader:1704:20)
2026-04-20T16:19:05:     at Object..js (node:internal/modules/cjs/loader:1895:10)
2026-04-20T16:19:05:     at Module.load (node:internal/modules/cjs/loader:1465:32)
2026-04-20T16:19:05:     at Function._load (node:internal/modules/cjs/loader:1282:12)
2026-04-20T16:19:05:     at TracingChannel.traceSync (node:diagnostics_channel:322:14)
2026-04-20T16:19:05:     at wrapModuleLoad (node:internal/modules/cjs/loader:235:24)
2026-04-20T16:19:05:     at Function.executeUserEntryPoint [as runMain] (node:internal/modules/run_main:171:5)
2026-04-20T16:19:05:     at node:internal/main/run_main_module:36:49
2026-04-20T16:19:05: 
2026-04-20T16:19:05: Node.js v22.17.0
2026-04-20T16:19:05: C:\LUNCHMEGA\lunch\node_modules\.bin\tsx:2
2026-04-20T16:19:05: basedir=$(dirname "$(echo "$0" | sed -e 's,\\,/,g')")
2026-04-20T16:19:05:           ^^^^^^^
2026-04-20T16:19:05: 
2026-04-20T16:19:05: SyntaxError: missing ) after argument list
2026-04-20T16:19:05:     at wrapSafe (node:internal/modules/cjs/loader:1662:18)
2026-04-20T16:19:05:     at Module._compile (node:internal/modules/cjs/loader:1704:20)
2026-04-20T16:19:05:     at Object..js (node:internal/modules/cjs/loader:1895:10)
2026-04-20T16:19:05:     at Module.load (node:internal/modules/cjs/loader:1465:32)
2026-04-20T16:19:05:     at Function._load (node:internal/modules/cjs/loader:1282:12)
2026-04-20T16:19:05:     at TracingChannel.traceSync (node:diagnostics_channel:322:14)
2026-04-20T16:19:05:     at wrapModuleLoad (node:internal/modules/cjs/loader:235:24)
2026-04-20T16:19:05:     at Function.executeUserEntryPoint [as runMain] (node:internal/modules/run_main:171:5)
2026-04-20T16:19:05:     at node:internal/main/run_main_module:36:49
2026-04-20T16:19:05: 
2026-04-20T16:19:05: Node.js v22.17.0
2026-04-20T16:19:05: C:\LUNCHMEGA\lunch\node_modules\.bin\tsx:2
2026-04-20T16:19:05: basedir=$(dirname "$(echo "$0" | sed -e 's,\\,/,g')")
2026-04-20T16:19:05:           ^^^^^^^
2026-04-20T16:19:05: 
2026-04-20T16:19:05: SyntaxError: missing ) after argument list
2026-04-20T16:19:05:     at wrapSafe (node:internal/modules/cjs/loader:1662:18)
2026-04-20T16:19:05:     at Module._compile (node:internal/modules/cjs/loader:1704:20)
2026-04-20T16:19:05:     at Object..js (node:internal/modules/cjs/loader:1895:10)
2026-04-20T16:19:05:     at Module.load (node:internal/modules/cjs/loader:1465:32)
2026-04-20T16:19:05:     at Function._load (node:internal/modules/cjs/loader:1282:12)
2026-04-20T16:19:05:     at TracingChannel.traceSync (node:diagnostics_channel:322:14)
2026-04-20T16:19:05:     at wrapModuleLoad (node:internal/modules/cjs/loader:235:24)
2026-04-20T16:19:05:     at Function.executeUserEntryPoint [as runMain] (node:internal/modules/run_main:171:5)
2026-04-20T16:19:05:     at node:internal/main/run_main_module:36:49
2026-04-20T16:19:05: 
2026-04-20T16:19:05: Node.js v22.17.0
